
[31m │  ⚠  Warning from the Material for MkDocs team[0m
[31m │[0m
[31m │[0m  MkDocs 2.0, the underlying framework of Material for MkDocs,
[31m │[0m  will introduce backward-incompatible changes, including:
[31m │[0m
[31m │  × [0mAll plugins will stop working – the plugin system has been removed
[31m │  × [0mAll theme overrides will break – the theming system has been rewritten
[31m │  × [0mNo migration path exists – existing projects cannot be upgraded
[31m │  × [0mClosed contribution model – community members can't report bugs
[31m │  × [0mCurrently unlicensed – unsuitable for production use
[31m │[0m
[31m │[0m  Our full analysis:
[31m │[0m
[31m │[0m  [4mhttps://squidfunk.github.io/mkdocs-material/blog/2026/02/18/mkdocs-2.0/[0m
[0m
INFO    -  Cleaning site directory
INFO    -  Building documentation to directory: /tmp/a27-mechanism-site-20261002
INFO    -  The following pages exist in the docs directory, but are not included in the "nav" configuration:
  - audits/PPA_LOW02_TIME_CANONICAL_CLOSEOUT.md
  - audits/PPA_ROOT_HYD01_NET_ROOT_EXTRACTION.md
  - audits/PPA_ROOT_HYD01_R1_RESULT.md
  - audits/PPA_ROOT_HYD02_PRESCRIBED_ROOT_TANGENT.md
  - audits/PPA_ROOT_HYD02_RESULT.md
  - audits/PPA_WU01_PRODUCTION_APPLICATION_BOOTSTRAP.md
  - audits/PPA_WU02_SOURCE_BOUND_LOWER_BOUNDARY_ENVELOPE.md
  - audits/PPA_WU03_ATMOSPHERIC_FORCING_NORMAL_INPUT_ADAPTER.md
  - audits/PPA_WU04A_BLACK_EVAPORATION_ADMISSION.md
  - audits/PPA_WU04B_BOESTEN_EVAPORATION_ADMISSION.md
  - audits/PPA_WU04_STATEFUL_ET_INTERCEPTION_SCIENTIFIC_REVIEW.md
  - audits/PPA_WU05A10_CLOSEOUT.md
  - audits/PPA_WU05A10_PREREGISTRATION.md
  - audits/PPA_WU05A10_RESULT.md
  - audits/PPA_WU05A11_CLOSEOUT.md
  - audits/PPA_WU05A11_PREREGISTRATION.md
  - audits/PPA_WU05A11_RESULT.md
  - audits/PPA_WU05A12_CLOSEOUT.md
  - audits/PPA_WU05A12_PREREGISTRATION.md
  - audits/PPA_WU05A12_RESULT.md
  - audits/PPA_WU05A13_CLOSEOUT.md
  - audits/PPA_WU05A13_PREREGISTRATION.md
  - audits/PPA_WU05A13_RESULT.md
  - audits/PPA_WU05A14_EFFECTIVE_SUPPLY_OWNERSHIP.md
  - audits/PPA_WU05A15_CLOSEOUT.md
  - audits/PPA_WU05A15_PREREGISTRATION.md
  - audits/PPA_WU05A15_RESULT.md
  - audits/PPA_WU05A16_CLOSEOUT.md
  - audits/PPA_WU05A16_PREREGISTRATION.md
  - audits/PPA_WU05A16_RESULT.md
  - audits/PPA_WU05A17_CLOSEOUT.md
  - audits/PPA_WU05A17_PREREGISTRATION.md
  - audits/PPA_WU05A17_RESULT.md
  - audits/PPA_WU05A18_STATE_OWNERSHIP.md
  - audits/PPA_WU05A19_CLOSEOUT.md
  - audits/PPA_WU05A19_PREREGISTRATION.md
  - audits/PPA_WU05A19_RESULT.md
  - audits/PPA_WU05A20_CLOSEOUT.md
  - audits/PPA_WU05A20_PREREGISTRATION.md
  - audits/PPA_WU05A20_RESULT.md
  - audits/PPA_WU05A21_LIVE_RUNTIME_READINESS.md
  - audits/PPA_WU05A22A_PREREGISTRATION.md
  - audits/PPA_WU05A22A_RESULT.md
  - audits/PPA_WU05A22B_PREREGISTRATION.md
  - audits/PPA_WU05A22B_RESULT.md
  - audits/PPA_WU05A23_PREREGISTRATION.md
  - audits/PPA_WU05A23_RESULT.md
  - audits/PPA_WU05A24_PREREGISTRATION.md
  - audits/PPA_WU05A24_RESULT.md
  - audits/PPA_WU05A25_CLOSEOUT.md
  - audits/PPA_WU05A25_PREREGISTRATION.md
  - audits/PPA_WU05A25_RESULT.md
  - audits/PPA_WU05A26H_PREREGISTRATION.md
  - audits/PPA_WU05A26H_RESULT.md
  - audits/PPA_WU05A26I_MACRO_HEAD_CONTRACT.md
  - audits/PPA_WU05A26J_PREREGISTRATION.md
  - audits/PPA_WU05A26J_RESULT.md
  - audits/PPA_WU05A26K_RESULT.md
  - audits/PPA_WU05A26_CLOSEOUT.md
  - audits/PPA_WU05A26_COMPOSER_RESULT.md
  - audits/PPA_WU05A26_PREREGISTRATION.md
  - audits/PPA_WU05A26_REAL_RICHARDS_RESULT.md
  - audits/PPA_WU05A26_RECONCILED_RESULT.md
  - audits/PPA_WU05A26_RESULT.md
  - audits/PPA_WU05A27_BOUNDED_COHORT_CONTRACT.md
  - audits/PPA_WU05A27_BOUNDED_COHORT_RESULT.md
  - audits/PPA_WU05A27_CAPILLARY_BUDGET_CONTRACT.md
  - audits/PPA_WU05A27_CAPILLARY_DRY_RECEIVER_ADDENDUM.md
  - audits/PPA_WU05A27_COLUMN_ABLATION_PREREGISTRATION.md
  - audits/PPA_WU05A27_COLUMN_ABLATION_RESULT.md
  - audits/PPA_WU05A27_FINITE_CONTACT_CONTRACT.md
  - audits/PPA_WU05A27_FINITE_CONTACT_RESULT.md
  - audits/PPA_WU05A27_FINITE_EXCHANGE_PREREGISTRATION.md
  - audits/PPA_WU05A27_FINITE_EXCHANGE_RESULT.md
  - audits/PPA_WU05A27_PHYSICAL_MECHANISMS_CONTRACT.md
  - audits/PPA_WU05A27_PHYSICAL_MECHANISMS_RESULT.md
  - audits/PPA_WU05A27_PREREGISTRATION.md
  - audits/PPA_WU05A27_RESULT.md
  - audits/PPA_WU05A27_SIGNED_CONTACT_CONTRACT.md
  - audits/PPA_WU05A27_SIGNED_CONTACT_RESULT.md
  - audits/PPA_WU05A27_SOURCE_UNITS_CORRECTION_CONTRACT.md
  - audits/PPA_WU05A27_WALL_COHORT_CONTRACT.md
  - audits/PPA_WU05A27_WALL_COHORT_INPUT_ADDENDUM.md
  - audits/PPA_WU05A8_CLOSEOUT.md
  - audits/PPA_WU05A8_RESULT.md
  - audits/PPA_WU05A9_CLOSEOUT.md
  - audits/PPA_WU05A9_PREREGISTRATION.md
  - audits/PPA_WU05A9_RESULT.md
  - audits/PPA_WU05A_MACROPORE_AUTHORITY.md
  - audits/PPA_WU05C_OXYGEN_STRESS_AUTHORITY.md
  - audits/PPA_WU05_ADVANCED_WATER_PROCESS_TRIAGE.md
  - audits/PPA_WU05_MACROPORE_MIGRATION_GAP_AUDIT_20261001.md
  - audits/PPA_WU05_PERCH21_CLOSEOUT.md
  - audits/PPA_WU05_PERCH21_PREREGISTRATION.md
  - audits/PPA_WU05_PERCH21_RESULT.md
  - audits/PRODUCTION_PHYSICS_APPLICATION_ENVELOPE_GAP_AUDIT.md
  - development/open-pr-reconciliation-20260919.md
  - integration/F-CI02_CANONICAL_REFERENCE_ROOT.md
  - integration/F-CI03_TRANSACTIONAL_FORWARD_PORT.md
  - integration/F-CI04_CANONICAL_RUNTIME_AND_PHYSICAL_SEAM.md
  - integration/F-CI05_B1_10_PHYSICAL_ADAPTER_PREIMAGE.md
  - integration/F-CI06_CONTROLLED_B1_10_SOURCE_PORT.md
  - integration/F-CI07_PHYSICAL_TRANSACTION_STATE.md
  - integration/F-CI08_PHYSICAL_PROCESS_CONTINUATION_STATE.md
  - integration/F-CI09_TRANSACTION_MODEL_BINDING.md
  - integration/F-CI11_GENERIC_INTERVAL_MASS_PORT.md
  - integration/F-CI12_PHYSICAL_ADVANCE_AND_TEMPORAL_CHARACTERIZATION.md
  - integration/F-CI13_RECOVERABLE_TRIAL_STATUS.md
  - integration/F-CI14_REFERENCE_TEMPORAL_ACCEPTANCE.md
  - integration/F-GC33_MODFLOW6_LINEAR_RESPONSE_BACKEND.md
  - integration/F-GC34_MODFLOW6_TYPED_API_BINDING.md
  - integration/F-GC35_MODFLOW6_XMI_PACKAGE_ADAPTER.md
  - integration/F-GC36_LIVE_MODFLOW6_FGC34_BRIDGE.md
  - integration/F-GC38_MODFLOW6_PREPARED_SOLVE_ITERATIVE_BACKEND.md
  - integration/F-GC39_PREPARED_SOLVE_COUPLING_SERVICE_CONTRACT.md
  - integration/F-GC40_MULTISWAP_MODFLOW6_CELL_RESPONSE.md
  - integration/F-GC41_WHOLE_WINDOW_ACCEPTANCE_RETRY.md
  - integration/F-GC42_WHOLE_WINDOW_SERVICE_COMPOSITION.md
  - integration/F-GC43_PRODUCTION_SWAP_PARTICIPANT.md
  - integration/F-GC44_REAL_SWAP_MODFLOW6_END_TO_END.md
  - integration/F-GC45_REAL_MULTISWAP_MODFLOW6_END_TO_END.md
  - integration/F-GC46_REAL_MULTICELL_LIVE_MODFLOW.md
  - integration/F-GC47_MIXED_TOPOLOGY_LIVE_MODFLOW.md
  - integration/F-GC48_GENERIC_GROUNDWATER_TOPOLOGY.md
  - integration/F-GC49A_APPLICATION_PLAN_MATERIALIZATION.md
  - integration/F-GC49B_FMR_PARTICIPANT_REGISTRY.md
  - integration/F-GC49C_GENERIC_LIVE_APPLICATION_SERVICE.md
  - integration/F-GC50_IMOD_COUPLER_PRODUCT_INTEGRATION.md
  - integration/M1_C3_FINAL_LEGACY_FILE_TYPED_ADAPTER.md
  - integration/SWAP5_MODFLOW6_FIXED_INTERFACE_CLOSEOUT.md
  - integration/SWAP5_MODFLOW6_FIXED_INTERFACE_DRAINAGE_OWNERSHIP.md
  - migration/F-MIG431-INT12-P0_PREREGISTRATION.md
  - migration/F-MIG431-INT12-P0_RESULT.md
  - migration/F-MIG431-LOW01A_CLOSEOUT.md
  - migration/F-MIG431-LOW01A_PREREGISTRATION.md
  - migration/F-MIG431-LOW01A_SOURCE_AUTHORITY_BLOCKER.md
  - migration/F-MIG431-LOW01A_STATE_TIMING_CONTRACT.md
  - migration/F-MIG431-LOW05A_FEASIBILITY_REVIEW.md
  - migration/F-MIG431-LOW05A_PREREGISTRATION.md
  - migration/F-MIG431-LOW05P0_SHARED_CONTRACT.md
  - performance/F-PE-APPROX01_A1_PREREGISTRATION.md
  - performance/F-PE-APPROX01_A1_RESULT.md
  - performance/F-PE-APPROX01_CLOSEOUT.md
  - performance/F-PE-APPROX01_LEVER01_ADAPTIVE_PREREGISTRATION.md
  - performance/F-PE-APPROX01_LEVER01_INITIAL_RESULTS.md
  - performance/F-PE-APPROX01_LEVER01_PREREGISTRATION.md
  - performance/F-PE-APPROX01_PREREGISTRATION.md
  - performance/F-PE-APPROX02_A2B_PREREGISTRATION.md
  - performance/F-PE-APPROX02_A2B_RESULT.md
  - performance/F-PE-APPROX02_A2C_PREREGISTRATION.md
  - performance/F-PE-APPROX02_A2C_PRODUCTION_BINDING_PREREGISTRATION.md
  - performance/F-PE-APPROX02_A2C_RESULT.md
  - performance/F-PE-APPROX02_A2_PREREGISTRATION.md
  - performance/F-PE-APPROX02_A2_RESULT.md
  - performance/F-PE-APPROX02_CLOSEOUT.md
  - performance/F-PE-APPROX02_MEASUREMENT_PLAN.md
  - performance/F-PE-APPROX02_PREREGISTRATION.md
  - performance/F-PE-APPROX02_R1_PREREGISTRATION.md
  - performance/F-PE-APPROX03_CLOSEOUT.md
  - performance/F-PE-APPROX03_MEASUREMENT_PLAN.md
  - performance/F-PE-APPROX03_PREREGISTRATION.md
  - performance/F-PE-APPROX03_T1_PREREGISTRATION.md
  - performance/F-PE-APPROX03_T1_RESULT.md
  - performance/F-PE-APPROX03_T2A_PREREGISTRATION.md
  - performance/F-PE-APPROX03_T2A_RESULT.md
  - performance/F-PE-APPROX03_T2B_PREREGISTRATION.md
  - performance/F-PE-APPROX03_T2B_RESULT.md
  - performance/F-PE-APPROX03_T2C_PREREGISTRATION.md
  - performance/F-PE-APPROX03_T2C_RESULT.md
  - performance/F-PE-APPROX03_T2_PREREGISTRATION.md
  - performance/F-PE-APPROX04_CLOSEOUT.md
  - performance/F-PE-APPROX04_P0_RESULT.md
  - performance/F-PE-APPROX04_P1A_RESULT.md
  - performance/F-PE-APPROX04_P1B_PREREGISTRATION.md
  - performance/F-PE-APPROX04_P1B_RESULT.md
  - performance/F-PE-APPROX04_P1_PREREGISTRATION.md
  - performance/F-PE-APPROX04_PREREGISTRATION.md
  - performance/F-PE-BALTOL01_AUTHORITY_RECONCILIATION.md
  - performance/F-PE-BALTOL01_CLOSEOUT.md
  - performance/F-PE-BALTOL01_P0_PREREGISTRATION.md
  - performance/F-PE-BALTOL01_P0_RESULT.md
  - performance/F-PE-BALTOL01_P1_PREREGISTRATION.md
  - performance/F-PE-BALTOL01_P1_RESULT.md
  - performance/F-PE-BALTOL01_P2R_PREREGISTRATION.md
  - performance/F-PE-BALTOL01_P2R_RESULT.md
  - performance/F-PE-BALTOL01_P2_PREREGISTRATION.md
  - performance/F-PE-BALTOL01_P2_RESULT.md
  - performance/F-PE-BALTOL01_PREREGISTRATION.md
  - performance/F-PE-BALTOL02_CLOSEOUT.md
  - performance/F-PE-BALTOL02_PREREGISTRATION.md
  - performance/F-PE-BALTOL02_QUALIFICATION.md
  - performance/F-PE-BASE01_CLOSEOUT.md
  - performance/F-PE-BASE01_P0_RESULT.md
  - performance/F-PE-BASE01_P1B_PREREGISTRATION.md
  - performance/F-PE-BASE01_P1B_RESULT.md
  - performance/F-PE-BASE01_P1_PREREGISTRATION.md
  - performance/F-PE-BASE01_P1_RESULT.md
  - performance/F-PE-BASE01_P2_PREREGISTRATION.md
  - performance/F-PE-BASE01_P2_RESULT.md
  - performance/F-PE-BASE01_PREREGISTRATION.md
  - performance/F-PE-BOFEK-PRACTICAL01_PREREGISTRATION.md
  - performance/F-PE-BOFEK-PRACTICAL01_RESULT.md
  - performance/F-PE-BOFEK-PRACTICAL02_PREREGISTRATION.md
  - performance/F-PE-BOFEK-PRACTICAL02_RESULT.md
  - performance/F-PE-BOFEK-PRACTICAL03_PREREGISTRATION.md
  - performance/F-PE-BOFEK-PRACTICAL03_RESULT.md
  - performance/F-PE-BOFEK-PRACTICAL_CLOSEOUT.md
  - performance/F-PE-BOFEK01_02_CLOSEOUT.md
  - performance/F-PE-BOFEK01_02_PREREGISTRATION.md
  - performance/F-PE-BOFEK01_02_RESULT.md
  - performance/F-PE-BOFEK01_P1R_ORACLE_SOLVABILITY_PREREGISTRATION.md
  - performance/F-PE-BOFEK01_P1R_RESULT.md
  - performance/F-PE-BOFEK01_P1_ORACLE_PREREGISTRATION.md
  - performance/F-PE-BOFEK01_P1_P1R_RESULT.md
  - performance/F-PE-BOFEK01_SCREEN_RESULT.md
  - performance/F-PE-DIR01_CLOSEOUT.md
  - performance/F-PE-DIR01_MEASUREMENT_PLAN.md
  - performance/F-PE-DIR01_POST_REPAIR03_REBASELINE.md
  - performance/F-PE-DIR01_POST_REPAIR05_REBASELINE.md
  - performance/F-PE-DIR01_PREREGISTRATION.md
  - performance/F-PE-DIR01_REPAIR01_PREREGISTRATION.md
  - performance/F-PE-DIR01_REPAIR01_RESULT.md
  - performance/F-PE-DIR01_REPAIR02_PREREGISTRATION.md
  - performance/F-PE-DIR01_REPAIR02_RESULT.md
  - performance/F-PE-DIR01_REPAIR03_PREREGISTRATION.md
  - performance/F-PE-DIR01_REPAIR03_RESULT.md
  - performance/F-PE-DIR01_REPAIR04_PREREGISTRATION.md
  - performance/F-PE-DIR01_REPAIR04_RESULT.md
  - performance/F-PE-DIR01_REPAIR05_PREREGISTRATION.md
  - performance/F-PE-DIR01_REPAIR05_RESULT.md
  - performance/F-PE-DIR01_REPAIR06_PREREGISTRATION.md
  - performance/F-PE-DIR01_REPAIR06_RESULT.md
  - performance/F-PE-DYNERR01A_PREREGISTRATION.md
  - performance/F-PE-DYNERR01A_RESULT.md
  - performance/F-PE-DYNERR01_PREREGISTRATION.md
  - performance/F-PE-DYNERR01_RESULT.md
  - performance/F-PE-DYNTOP-PREDICT01_PREREGISTRATION.md
  - performance/F-PE-DYNTOP-PREDICT01_RESULT.md
  - performance/F-PE-DYNTOP-PREDICT02_PREREGISTRATION.md
  - performance/F-PE-DYNTOP-PREDICT02_RESULT.md
  - performance/F-PE-DYNTOP-PREDICT03_PREREGISTRATION.md
  - performance/F-PE-DYNTOP-PREDICT03_RESULT.md
  - performance/F-PE-DYNTOP-PREDICT_CLOSEOUT.md
  - performance/F-PE-ELASTIC05_PREREGISTRATION.md
  - performance/F-PE-ELASTIC05_RESULT.md
  - performance/F-PE-ELASTIC08_RESULT.md
  - performance/F-PE-ELASTIC08_RUNTIME_MATERIALIZATION_PREREGISTRATION.md
  - performance/F-PE-ELASTIC09_APPLICATION_BOOTSTRAP_PREREGISTRATION.md
  - performance/F-PE-ELASTIC09_CLOSURE.md
  - performance/F-PE-ELASTIC09_RESULT.md
  - performance/F-PE-ELASTIC13_CLOSEOUT.md
  - performance/F-PE-ELASTIC13_PARAMETER_POLICY_PREREGISTRATION.md
  - performance/F-PE-ELASTIC13_RESULT.md
  - performance/F-PE-ELASTIC14_CLOSURE.md
  - performance/F-PE-ELASTIC14_MINERAL_PRIOR_MATERIALIZER_PREREGISTRATION.md
  - performance/F-PE-ELASTIC14_RESULT.md
  - performance/F-PE-ELASTIC15_CLOSURE.md
  - performance/F-PE-ELASTIC15_EXPLICIT_PRIOR_BINDING_PREREGISTRATION.md
  - performance/F-PE-ELASTIC15_RESULT.md
  - performance/F-PE-ELASTIC16_CLOSURE.md
  - performance/F-PE-ELASTIC16_DESCRIPTOR_ASSEMBLY_PREREGISTRATION.md
  - performance/F-PE-ELASTIC16_RESULT.md
  - performance/F-PE-ELASTIC17_CLOSURE.md
  - performance/F-PE-ELASTIC17_LAYER_NODE_MAPPING_PREREGISTRATION.md
  - performance/F-PE-ELASTIC17_RESULT.md
  - performance/F-PE-ELASTIC18R_STRENGTHENED_VERIFICATION_PREREGISTRATION.md
  - performance/F-PE-ELASTIC18R_STRENGTHENED_VERIFICATION_RESULT.md
  - performance/F-PE-ELASTIC18_CLOSURE.md
  - performance/F-PE-ELASTIC18_RESULT.md
  - performance/F-PE-ELASTIC18_SWAP_GRID_NORMALIZATION_PREREGISTRATION.md
  - performance/F-PE-ELASTIC19_CLOSURE.md
  - performance/F-PE-ELASTIC19_HORIZON_DESCRIPTOR_BUILDER_PREREGISTRATION.md
  - performance/F-PE-ELASTIC19_RESULT.md
  - performance/F-PE-ELASTIC20_CLOSURE.md
  - performance/F-PE-ELASTIC20_RESULT.md
  - performance/F-PE-ELASTIC20_STARINGREEKS_CATALOG_PREREGISTRATION.md
  - performance/F-PE-ELASTIC21_CLOSURE.md
  - performance/F-PE-ELASTIC21_RESULT.md
  - performance/F-PE-ELASTIC21_STARINGSERIESBLOCK_MAP_PREREGISTRATION.md
  - performance/F-PE-ELASTIC22_CLOSURE.md
  - performance/F-PE-ELASTIC22_EXPLICIT_PROFILE_SOURCE_PREREGISTRATION.md
  - performance/F-PE-ELASTIC22_RESULT.md
  - performance/F-PE-ELASTIC23_MAPAREA_PROFILE_ASSOCIATION_PREREGISTRATION.md
  - performance/F-PE-ELASTIC23_RESULT.md
  - performance/F-PE-ELASTIC24_CLOSURE.md
  - performance/F-PE-ELASTIC24_PROFILE_RETRIEVAL_PREREGISTRATION.md
  - performance/F-PE-ELASTIC24_RESULT.md
  - performance/F-PE-ELASTIC25_APPLICATION_REQUEST_PREREGISTRATION.md
  - performance/F-PE-ELASTIC25_CLOSURE.md
  - performance/F-PE-ELASTIC25_RESULT.md
  - performance/F-PE-ELASTIC26_CLOSURE.md
  - performance/F-PE-ELASTIC26_CONFIG_FILE_ADAPTER_PREREGISTRATION.md
  - performance/F-PE-ELASTIC26_RESULT.md
  - performance/F-PE-ELASTIC27_APPLICATION_REQUEST_LOADER_PREREGISTRATION.md
  - performance/F-PE-ELASTIC27_CLOSURE.md
  - performance/F-PE-ELASTIC27_RESULT.md
  - performance/F-PE-ELASTIC28_CLOSURE.md
  - performance/F-PE-ELASTIC28_REQUEST_SOURCE_ARBITRATION_PREREGISTRATION.md
  - performance/F-PE-ELASTIC28_RESULT.md
  - performance/F-PE-ELASTIC29_CLOSURE.md
  - performance/F-PE-ELASTIC29_ENVIRONMENT_SOURCE_PREREGISTRATION.md
  - performance/F-PE-ELASTIC29_RESULT.md
  - performance/F-PE-ELASTIC30_CLI_SOURCE_PREREGISTRATION.md
  - performance/F-PE-ELASTIC30_CLOSURE.md
  - performance/F-PE-ELASTIC30_RESULT.md
  - performance/F-PE-ELASTIC31_CLOSURE.md
  - performance/F-PE-ELASTIC31_REQUEST_DISCOVERY_PREREGISTRATION.md
  - performance/F-PE-ELASTIC31_RESULT.md
  - performance/F-PE-ELASTIC32_SPATIAL_SOURCE_AUDIT_PREREGISTRATION.md
  - performance/F-PE-ELASTIC32_SPATIAL_SOURCE_AUDIT_RESULT.md
  - performance/F-PE-ELASTIC33_CLOSURE.md
  - performance/F-PE-ELASTIC33_PROFILE_ROW_INTERCHANGE_PREREGISTRATION.md
  - performance/F-PE-ELASTIC33_RESULT.md
  - performance/F-PE-ELASTIC34_CLOSURE.md
  - performance/F-PE-ELASTIC34_RD_POINT_MAPAREA_PREREGISTRATION.md
  - performance/F-PE-ELASTIC34_RESULT.md
  - performance/F-PE-ELASTIC35_CLOSURE.md
  - performance/F-PE-ELASTIC35_RESULT.md
  - performance/F-PE-ELASTIC35_ROW_INTERCHANGE_PARSER_PREREGISTRATION.md
  - performance/F-PE-ELASTIC36_CLOSURE.md
  - performance/F-PE-ELASTIC36_RD_POINT_PROFILE_INTERCHANGE_PREREGISTRATION.md
  - performance/F-PE-ELASTIC36_RESULT.md
  - performance/F-PE-ELASTIC37_CLOSURE.md
  - performance/F-PE-ELASTIC37_RESULT.md
  - performance/F-PE-ELASTIC37_ROW_TO_APPLICATION_BINDING_PREREGISTRATION.md
  - performance/F-PE-ELASTIC38_CRS_CAPABILITY_AUDIT_PREREGISTRATION.md
  - performance/F-PE-ELASTIC38_CRS_CAPABILITY_AUDIT_RESULT.md
  - performance/F-PE-ELASTIC39_PROJ_CLI_AUDIT_PREREGISTRATION.md
  - performance/F-PE-ELASTIC39_PROJ_CLI_AUDIT_RESULT.md
  - performance/F-PE-ELASTIC40_GDAL_CLI_AUDIT_PREREGISTRATION.md
  - performance/F-PE-ELASTIC40_GDAL_CLI_AUDIT_RESULT.md
  - performance/F-PE-ELASTIC41_CLOSURE.md
  - performance/F-PE-ELASTIC41_RD_APPLICATION_HANDOFF_PREREGISTRATION.md
  - performance/F-PE-ELASTIC41_RD_APPLICATION_HANDOFF_RESULT.md
  - performance/F-PE-ELASTIC41_RESULT.md
  - performance/F-PE-ELASTIC42_RD_END_TO_END_PREREGISTRATION.md
  - performance/F-PE-ELASTIC42_RD_END_TO_END_RESULT.md
  - performance/F-PE-ELASTIC43_CRS_DEPENDENCY_GOVERNANCE_PREREGISTRATION.md
  - performance/F-PE-ELASTIC43_CRS_DEPENDENCY_GOVERNANCE_RESULT.md
  - performance/F-PE-ELASTIC44_APPLICATION_HOST_BINDING_PREREGISTRATION.md
  - performance/F-PE-ELASTIC44_CLOSURE.md
  - performance/F-PE-ELASTIC44_RESULT.md
  - performance/F-PE-ELASTIC45_CLOSURE.md
  - performance/F-PE-ELASTIC45_RD_APPLICATION_HOST_ORCHESTRATOR_PREREGISTRATION.md
  - performance/F-PE-ELASTIC45_RESULT.md
  - performance/F-PE-ELASTIC59_MODE7_TYPED_MASS_PREREGISTRATION.md
  - performance/F-PE-ELASTIC59_RESULT.md
  - performance/F-PE-ELASTIC60_CLOSURE.md
  - performance/F-PE-ELASTIC60_MODE7_INDICATOR_ADMISSION_PREREGISTRATION.md
  - performance/F-PE-ELASTIC60_RESULT.md
  - performance/F-PE-ELASTIC61_CLOSURE.md
  - performance/F-PE-ELASTIC61_MODE7_ERROR_ENVELOPE_PREREGISTRATION.md
  - performance/F-PE-ELASTIC61_RESULT.md
  - performance/F-PE-ELASTIC65_CLOSURE.md
  - performance/F-PE-ELASTIC65_EBI25_ADMISSION_RECONCILIATION.md
  - performance/F-PE-ELASTIC65_MODE7_CSAFE_BINDING_PREREGISTRATION.md
  - performance/F-PE-ELASTIC65_P2E05_ADMISSION_RECONCILIATION.md
  - performance/F-PE-ELASTIC65_RESULT.md
  - performance/F-PE-ELASTIC69_APPLICATION_POLICY.md
  - performance/F-PE-ELASTIC69_CLOSURE.md
  - performance/F-PE-ELASTIC69_GENERATED_MODE7_APPLICATION_POLICY_PREREGISTRATION.md
  - performance/F-PE-ELASTIC70_CLOSURE.md
  - performance/F-PE-ELASTIC71_CLOSURE.md
  - performance/F-PE-ELASTIC_RD_CHAIN_CLOSEOUT_2026-09-29.md
  - performance/F-PE-EMBEDSTEP01_PREREGISTRATION.md
  - performance/F-PE-EMBEDSTEP01_RESULT.md
  - performance/F-PE-EMBEDSTEP02_PREREGISTRATION.md
  - performance/F-PE-EMBEDSTEP02_RESULT.md
  - performance/F-PE-EMBEDSTEP_CLOSEOUT.md
  - performance/F-PE-ENDPOINT01_CLOSEOUT.md
  - performance/F-PE-ENDPOINT01_DYNAMIC_RESULT.md
  - performance/F-PE-ENDPOINT01_P0_CONVERGENCE_AMENDMENT.md
  - performance/F-PE-ENDPOINT01_PREREGISTRATION.md
  - performance/F-PE-KIMPL-DYNTOP01_PREREGISTRATION.md
  - performance/F-PE-KIMPL-DYNTOP01_RESULT.md
  - performance/F-PE-KIMPL-DYNTOP02_PREREGISTRATION.md
  - performance/F-PE-KIMPL-DYNTOP02_RESULT.md
  - performance/F-PE-KIMPL-DYNTOP_CLOSEOUT.md
  - performance/F-PE-LIVE01_CLOSEOUT.md
  - performance/F-PE-LIVE01_P0_RESULT.md
  - performance/F-PE-LIVE01_P1_PREREGISTRATION.md
  - performance/F-PE-LIVE01_P1_RESULT.md
  - performance/F-PE-LIVE01_P2_PREREGISTRATION.md
  - performance/F-PE-LIVE01_P2_RESULT.md
  - performance/F-PE-LIVE01_PREREGISTRATION.md
  - performance/F-PE-MULTI01_CLOSEOUT.md
  - performance/F-PE-MULTI01_P0_RESULT.md
  - performance/F-PE-MULTI01_P1_PREREGISTRATION.md
  - performance/F-PE-MULTI01_P1_RESULT.md
  - performance/F-PE-MULTI01_PREREGISTRATION.md
  - performance/F-PE-MULTI02_CLOSEOUT.md
  - performance/F-PE-MULTI02_P0_RESULT.md
  - performance/F-PE-MULTI02_P1_PREREGISTRATION.md
  - performance/F-PE-MULTI02_P1_RESULT.md
  - performance/F-PE-MULTI02_P2_PREREGISTRATION.md
  - performance/F-PE-MULTI02_P2_RESULT.md
  - performance/F-PE-MULTI02_PREREGISTRATION.md
  - performance/F-PE-MULTI03_CLOSEOUT.md
  - performance/F-PE-MULTI03_P0_RESULT.md
  - performance/F-PE-MULTI03_P1_PREREGISTRATION.md
  - performance/F-PE-MULTI03_P1_RESULT.md
  - performance/F-PE-MULTI03_PREREGISTRATION.md
  - performance/F-PE-MULTI04_CLOSEOUT.md
  - performance/F-PE-MULTI04_P0_RESULT.md
  - performance/F-PE-MULTI04_P1A_RESULT.md
  - performance/F-PE-MULTI04_P1B_RESULT.md
  - performance/F-PE-MULTI04_P1C_RESULT.md
  - performance/F-PE-MULTI04_P2_RESULT.md
  - performance/F-PE-MULTI04_P3P4_RESULT.md
  - performance/F-PE-MULTI04_PREREGISTRATION.md
  - performance/F-PE-MULTI06_CLOSURE.md
  - performance/F-PE-MULTI06_MODE7_GENERATED_WORKER_POOL_PREREGISTRATION.md
  - performance/F-PE-MULTI06_RESULT.md
  - performance/F-PE-MULTI07_CLOSURE.md
  - performance/F-PE-NLGLOB01_PREREGISTRATION.md
  - performance/F-PE-NLGLOB01_RESULT.md
  - performance/F-PE-NLGLOB02_CLOSEOUT.md
  - performance/F-PE-NLGLOB02_PREREGISTRATION.md
  - performance/F-PE-NLGLOB02_RESULT.md
  - performance/F-PE-NLGLOB03_CLOSEOUT.md
  - performance/F-PE-NLGLOB03_PREREGISTRATION.md
  - performance/F-PE-NLGLOB03_RESULT.md
  - performance/F-PE-NLGLOB04_CLOSEOUT.md
  - performance/F-PE-NLGLOB04_PREREGISTRATION.md
  - performance/F-PE-NLGLOB04_RESULT.md
  - performance/F-PE-NLGLOB05A_CLOSEOUT.md
  - performance/F-PE-NLGLOB05A_PREREGISTRATION.md
  - performance/F-PE-NLGLOB05A_RESULT.md
  - performance/F-PE-NLGLOB05_CLOSEOUT.md
  - performance/F-PE-NLGLOB05_PREREGISTRATION.md
  - performance/F-PE-NLGLOB05_RESULT.md
  - performance/F-PE-NLGLOB06_CLOSEOUT.md
  - performance/F-PE-NLGLOB06_PREREGISTRATION.md
  - performance/F-PE-NLGLOB06_RESULT.md
  - performance/F-PE-NLGLOB07_CLOSEOUT.md
  - performance/F-PE-NLGLOB07_PREREGISTRATION.md
  - performance/F-PE-NLGLOB07_RESULT.md
  - performance/F-PE-NLGLOB08_CLOSEOUT.md
  - performance/F-PE-NLGLOB08_PREREGISTRATION.md
  - performance/F-PE-NLGLOB08_RESULT.md
  - performance/F-PE-NLGLOB09_CLOSEOUT.md
  - performance/F-PE-NLGLOB09_PREREGISTRATION.md
  - performance/F-PE-NLGLOB09_RESULT.md
  - performance/F-PE-NLGLOB10_CLOSEOUT.md
  - performance/F-PE-NLGLOB10_PREREGISTRATION.md
  - performance/F-PE-NLGLOB10_RESULT.md
  - performance/F-PE-NLGLOB11A_CLOSEOUT.md
  - performance/F-PE-NLGLOB11A_PREREGISTRATION.md
  - performance/F-PE-NLGLOB11A_RESULT.md
  - performance/F-PE-NLGLOB11_CLOSEOUT.md
  - performance/F-PE-NLGLOB11_PREREGISTRATION.md
  - performance/F-PE-NLGLOB11_RESULT.md
  - performance/F-PE-NLGLOB12A1_CLOSEOUT.md
  - performance/F-PE-NLGLOB12A1_PREREGISTRATION.md
  - performance/F-PE-NLGLOB12A1_RESULT.md
  - performance/F-PE-NLGLOB12A_CLOSEOUT.md
  - performance/F-PE-NLGLOB12A_PREREGISTRATION.md
  - performance/F-PE-NLGLOB12A_RESULT.md
  - performance/F-PE-NLGLOB12B_CLOSEOUT.md
  - performance/F-PE-NLGLOB12B_PREREGISTRATION.md
  - performance/F-PE-NLGLOB12B_RESULT.md
  - performance/F-PE-NLGLOB12_CLOSEOUT.md
  - performance/F-PE-NLGLOB12_PREREGISTRATION.md
  - performance/F-PE-NLGLOB12_RESULT.md
  - performance/F-PE-NLGLOB13A_CLOSEOUT.md
  - performance/F-PE-NLGLOB13A_PREREGISTRATION.md
  - performance/F-PE-NLGLOB13A_RESULT.md
  - performance/F-PE-NLGLOB13B_CLOSEOUT.md
  - performance/F-PE-NLGLOB13B_PREREGISTRATION.md
  - performance/F-PE-NLGLOB13B_RESULT.md
  - performance/F-PE-NLGLOB13C1_CLOSEOUT.md
  - performance/F-PE-NLGLOB13C1_PREREGISTRATION.md
  - performance/F-PE-NLGLOB13C1_RESULT.md
  - performance/F-PE-NLGLOB13C2_CLOSEOUT.md
  - performance/F-PE-NLGLOB13C2_PREREGISTRATION.md
  - performance/F-PE-NLGLOB13C2_RESULT.md
  - performance/F-PE-NLGLOB13C_CLOSEOUT.md
  - performance/F-PE-NLGLOB13C_PREREGISTRATION.md
  - performance/F-PE-NLGLOB13C_RESULT.md
  - performance/F-PE-NLGLOB13D_CLOSEOUT.md
  - performance/F-PE-NLGLOB13D_PREREGISTRATION.md
  - performance/F-PE-NLGLOB13D_RESULT.md
  - performance/F-PE-NLGLOB13_CLOSEOUT.md
  - performance/F-PE-NLGLOB13_PREREGISTRATION.md
  - performance/F-PE-NLGLOB13_RESULT.md
  - performance/F-PE-NLGLOB14A_CLOSEOUT.md
  - performance/F-PE-NLGLOB14A_PREREGISTRATION.md
  - performance/F-PE-NLGLOB14A_RESULT.md
  - performance/F-PE-NLGLOB14B_CLOSEOUT.md
  - performance/F-PE-NLGLOB14B_PREREGISTRATION.md
  - performance/F-PE-NLGLOB14B_RESULT.md
  - performance/F-PE-NLGLOB14C_CLOSEOUT.md
  - performance/F-PE-NLGLOB14C_PREREGISTRATION.md
  - performance/F-PE-NLGLOB14C_RESULT.md
  - performance/F-PE-NLGLOB14D_CLOSEOUT.md
  - performance/F-PE-NLGLOB14D_PREREGISTRATION.md
  - performance/F-PE-NLGLOB14D_RESULT.md
  - performance/F-PE-NLGLOB14E1_CLOSEOUT.md
  - performance/F-PE-NLGLOB14E1_PREREGISTRATION.md
  - performance/F-PE-NLGLOB14E1_RESULT.md
  - performance/F-PE-NLGLOB14E_CLOSEOUT.md
  - performance/F-PE-NLGLOB14E_PREREGISTRATION.md
  - performance/F-PE-NLGLOB14E_RESULT.md
  - performance/F-PE-NLGLOB14F_CLOSEOUT.md
  - performance/F-PE-NLGLOB14F_PREREGISTRATION.md
  - performance/F-PE-NLGLOB14F_RESULT.md
  - performance/F-PE-NLGLOB14G_CLOSEOUT.md
  - performance/F-PE-NLGLOB14G_PREREGISTRATION.md
  - performance/F-PE-NLGLOB14G_RESULT.md
  - performance/F-PE-NLGLOB14H_CLOSEOUT.md
  - performance/F-PE-NLGLOB14H_PREREGISTRATION.md
  - performance/F-PE-NLGLOB14H_RESULT.md
  - performance/F-PE-NLGLOB14I_CLOSEOUT.md
  - performance/F-PE-NLGLOB14I_PREREGISTRATION.md
  - performance/F-PE-NLGLOB14I_RESULT.md
  - performance/F-PE-NLGLOB14J_CLOSEOUT.md
  - performance/F-PE-NLGLOB14J_PREREGISTRATION.md
  - performance/F-PE-NLGLOB14J_RESULT.md
  - performance/F-PE-NLGLOB14K_CLOSEOUT.md
  - performance/F-PE-NLGLOB14K_PREREGISTRATION.md
  - performance/F-PE-NLGLOB14K_RESULT.md
  - performance/F-PE-NLGLOB14L_CLOSEOUT.md
  - performance/F-PE-NLGLOB14L_PREREGISTRATION.md
  - performance/F-PE-NLGLOB14L_RESULT.md
  - performance/F-PE-NLGLOB14M_CLOSEOUT.md
  - performance/F-PE-NLGLOB14M_PREREGISTRATION.md
  - performance/F-PE-NLGLOB14M_RESULT.md
  - performance/F-PE-NLGLOB14Z43F_CLOSEOUT.md
  - performance/F-PE-NLGLOB14Z43F_PREREGISTRATION.md
  - performance/F-PE-NLGLOB14Z43F_RESULT.md
  - performance/F-PE-NLGLOB14_CLOSEOUT.md
  - performance/F-PE-NLGLOB14_PREREGISTRATION.md
  - performance/F-PE-NLGLOB14_RESULT.md
  - performance/F-PE-NLGLOB15A_CLOSEOUT.md
  - performance/F-PE-NLGLOB15A_PREREGISTRATION.md
  - performance/F-PE-NLGLOB15A_RESULT.md
  - performance/F-PE-ORCH01_CLOSEOUT.md
  - performance/F-PE-ORCH01_PREREGISTRATION.md
  - performance/F-PE-ORCH01_RESULT.md
  - performance/F-PE-PHYS01_CLOSEOUT.md
  - performance/F-PE-PHYS01_PREREGISTRATION.md
  - performance/F-PE-PHYS01_RESULT.md
  - performance/F-PE-PROFILE04_CLOSEOUT.md
  - performance/F-PE-PROFILE04_FIRST_REBASELINE.md
  - performance/F-PE-PROFILE04_INITIAL_RESULTS.md
  - performance/F-PE-PROFILE04_PREREGISTRATION.md
  - performance/F-PE-PROFILE05R2_B1_PREREGISTRATION.md
  - performance/F-PE-PROFILE05R2_CLOSEOUT.md
  - performance/F-PE-PROFILE05R2_PREREGISTRATION.md
  - performance/F-PE-PROFILE05R2_RESULT.md
  - performance/F-PE-PROFILE05_A2C_FAILURE_ATTRIBUTION_PREREGISTRATION.md
  - performance/F-PE-PROFILE05_A2C_FAILURE_ATTRIBUTION_RESULT.md
  - performance/F-PE-PROFILE05_A2C_REPRO_PREREGISTRATION.md
  - performance/F-PE-PROFILE05_A2C_REPRO_RESULT.md
  - performance/F-PE-PROFILE05_CLOSEOUT.md
  - performance/F-PE-PROFILE05_FIXED_BUILD_REPEATABILITY_PREREGISTRATION.md
  - performance/F-PE-PROFILE05_FIXED_BUILD_REPEATABILITY_RESULT.md
  - performance/F-PE-PROFILE05_MEASUREMENT_PLAN.md
  - performance/F-PE-PROFILE05_PREREGISTRATION.md
  - performance/F-PE-PROFILE06_CLOSEOUT.md
  - performance/F-PE-PROFILE06_P2_PREREGISTRATION.md
  - performance/F-PE-PROFILE06_PREREGISTRATION.md
  - performance/F-PE-PROFILE06_RESULT.md
  - performance/F-PE-PZG23-01_CLOSURE.md
  - performance/F-PE-PZG23-02_CLOSURE.md
  - performance/F-PE-PZG23-03_CLOSURE.md
  - performance/F-PE-PZG23-06_CLOSURE.md
  - performance/F-PE-REPAIR01_CLOSEOUT.md
  - performance/F-PE-REPAIR01_PREREGISTRATION.md
  - performance/F-PE-REPAIR01_QUALIFICATION_PLAN.md
  - performance/F-PE-REPAIR01_QUALIFICATION_RESULT.md
  - performance/F-PE-REPRO01_CLOSEOUT.md
  - performance/F-PE-REPRO01_D1_D2_RESULT.md
  - performance/F-PE-REPRO01_D1_PREREGISTRATION.md
  - performance/F-PE-REPRO01_D2_PREREGISTRATION.md
  - performance/F-PE-REPRO01_D3_PREREGISTRATION.md
  - performance/F-PE-REPRO01_D4_PREREGISTRATION.md
  - performance/F-PE-REPRO01_D5_PREREGISTRATION.md
  - performance/F-PE-REPRO01_D6_PREREGISTRATION.md
  - performance/F-PE-REPRO01_D7_PREREGISTRATION.md
  - performance/F-PE-REPRO01_D8_PREREGISTRATION.md
  - performance/F-PE-REPRO01_D9_PREREGISTRATION.md
  - performance/F-PE-REPRO01_D9_RESULT.md
  - performance/F-PE-REPRO01_PREREGISTRATION.md
  - performance/F-PE-REPRO02_CLOSEOUT.md
  - performance/F-PE-REPRO02_PREREGISTRATION.md
  - performance/F-PE-REPRO02_R10_PREREGISTRATION.md
  - performance/F-PE-REPRO02_R10_RESULT.md
  - performance/F-PE-REPRO02_R11_PREREGISTRATION.md
  - performance/F-PE-REPRO02_R11_RESULT.md
  - performance/F-PE-REPRO02_R12_PREREGISTRATION.md
  - performance/F-PE-REPRO02_R12_RESULT.md
  - performance/F-PE-REPRO02_R13_PREREGISTRATION.md
  - performance/F-PE-REPRO02_R13_RESULT.md
  - performance/F-PE-REPRO02_R1_RESULT.md
  - performance/F-PE-REPRO02_R2_PREREGISTRATION.md
  - performance/F-PE-REPRO02_R2_RESULT.md
  - performance/F-PE-REPRO02_R3_PREREGISTRATION.md
  - performance/F-PE-REPRO02_R3_RESULT.md
  - performance/F-PE-REPRO02_R4_PREREGISTRATION.md
  - performance/F-PE-REPRO02_R4_RESULT.md
  - performance/F-PE-REPRO02_R5_PREREGISTRATION.md
  - performance/F-PE-REPRO02_R5_RESULT.md
  - performance/F-PE-REPRO02_R6_PREREGISTRATION.md
  - performance/F-PE-REPRO02_R6_RESULT.md
  - performance/F-PE-REPRO02_R7_PREREGISTRATION.md
  - performance/F-PE-REPRO02_R7_RESULT.md
  - performance/F-PE-REPRO02_R8_PREREGISTRATION.md
  - performance/F-PE-REPRO02_R8_RESULT.md
  - performance/F-PE-REPRO02_R9_PREREGISTRATION.md
  - performance/F-PE-REPRO02_R9_RESULT.md
  - performance/F-PE-SCHED01_CLOSURE.md
  - performance/F-PE-SCHED02_CLOSURE.md
  - performance/F-PE-SETUP04_CLOSEOUT.md
  - performance/F-PE-SETUP04_PREREGISTRATION.md
  - performance/F-PE-SETUP04_RESULT.md
  - performance/F-PE-SETUP05_CLOSEOUT.md
  - performance/F-PE-SETUP05_PREREGISTRATION.md
  - performance/F-PE-SETUP05_RESULT.md
  - performance/F-PE-SHORTSTEP01_CLOSEOUT.md
  - performance/F-PE-SHORTSTEP01_P0_RESULT.md
  - performance/F-PE-SHORTSTEP01_P1_PREREGISTRATION.md
  - performance/F-PE-SHORTSTEP01_P1_RESULT.md
  - performance/F-PE-SHORTSTEP01_P2_PREREGISTRATION.md
  - performance/F-PE-SHORTSTEP01_P2_RESULT.md
  - performance/F-PE-SHORTSTEP01_P3_PREREGISTRATION.md
  - performance/F-PE-SHORTSTEP01_P3_RESULT.md
  - performance/F-PE-SHORTSTEP01_PREREGISTRATION.md
  - performance/F-PE-STATESTEP01_PREREGISTRATION.md
  - performance/F-PE-STATESTEP01_RESULT.md
  - performance/F-PE-STATESTEP02_PREREGISTRATION.md
  - performance/F-PE-STATESTEP02_RESULT.md
  - performance/F-PE-STATESTEP03_PREREGISTRATION.md
  - performance/F-PE-STATESTEP03_RESULT.md
  - performance/F-PE-STATESTEP_CLOSEOUT.md
  - performance/F-PE-SYSTEM-CLOSE01_CLOSEOUT.md
  - performance/F-PE-TANGENT01_CLOSEOUT.md
  - performance/F-PE-TANGENT01_P0_RESULT.md
  - performance/F-PE-TANGENT01_PREREGISTRATION.md
  - performance/F-PE-TEMPORAL02_CLOSEOUT.md
  - performance/F-PE-TEMPORAL02_P0_RESULT.md
  - performance/F-PE-TEMPORAL02_P1_PREREGISTRATION.md
  - performance/F-PE-TEMPORAL02_P1_RESULT.md
  - performance/F-PE-TEMPORAL02_P2R_PREREGISTRATION.md
  - performance/F-PE-TEMPORAL02_P2R_RESULT.md
  - performance/F-PE-TEMPORAL02_P2_PREREGISTRATION.md
  - performance/F-PE-TEMPORAL02_P2_RESULT.md
  - performance/F-PE-TEMPORAL02_P3A_RESULT.md
  - performance/F-PE-TEMPORAL02_P3B_PREREGISTRATION.md
  - performance/F-PE-TEMPORAL02_P3B_RESULT.md
  - performance/F-PE-TEMPORAL02_P3_PREREGISTRATION.md
  - performance/F-PE-TEMPORAL02_PREREGISTRATION.md
  - performance/F-PE-TEMPORAL03_CLOSEOUT.md
  - performance/F-PE-TEMPORAL03_P0_RESULT.md
  - performance/F-PE-TEMPORAL03_P1A_PREREGISTRATION.md
  - performance/F-PE-TEMPORAL03_P1A_RESULT.md
  - performance/F-PE-TEMPORAL03_P1B_PREREGISTRATION.md
  - performance/F-PE-TEMPORAL03_P1B_RESULT.md
  - performance/F-PE-TEMPORAL03_P1C_PREREGISTRATION.md
  - performance/F-PE-TEMPORAL03_P1C_RESULT.md
  - performance/F-PE-TEMPORAL03_P2_PREREGISTRATION.md
  - performance/F-PE-TEMPORAL03_P2_RESULT.md
  - performance/F-PE-TEMPORAL03_PREREGISTRATION.md
  - performance/F-PE-TEMPORAL04_CLOSEOUT.md
  - performance/F-PE-TEMPORAL04_P0_PREREGISTRATION.md
  - performance/F-PE-TEMPORAL04_P0_RESULT.md
  - performance/F-PE-TEMPORAL04_P1_PREREGISTRATION.md
  - performance/F-PE-TEMPORAL04_P1_RESULT.md
  - performance/F-PE-TEMPORAL04_PREREGISTRATION.md
  - performance/F-PE-TEMPORAL05_CALIBRATION_RESULT.md
  - performance/F-PE-TEMPORAL05_CLOSEOUT.md
  - performance/F-PE-TEMPORAL05_HOLDOUT_PREREGISTRATION.md
  - performance/F-PE-TEMPORAL05_HOLDOUT_RESULT.md
  - performance/F-PE-TEMPORAL05_PREREGISTRATION.md
  - performance/F-PE-TEMPORAL06_CLOSEOUT.md
  - performance/F-PE-TEMPORAL06_P0_RESULT.md
  - performance/F-PE-TEMPORAL06_PREREGISTRATION.md
  - performance/F-PE-TEMPORAL06_TANGENT_AUTHORITY_PREREGISTRATION.md
  - performance/F-PE-TEMPORAL06_TANGENT_AUTHORITY_RESULT.md
  - performance/F-PE-TEMPORAL07_CLOSEOUT.md
  - performance/F-PE-TEMPORAL07_P0_RESULT.md
  - performance/F-PE-TEMPORAL07_P1_RESULT.md
  - performance/F-PE-TEMPORAL07_P2_ATTRIBUTION_PREREGISTRATION.md
  - performance/F-PE-TEMPORAL07_P2_BRACKET_AMENDMENT.md
  - performance/F-PE-TEMPORAL07_P2_RESULT.md
  - performance/F-PE-TEMPORAL07_PREREGISTRATION.md
  - performance/F-PE-TEMPORAL08_CLOSEOUT.md
  - performance/F-PE-TEMPORAL08_P0_RESULT.md
  - performance/F-PE-TEMPORAL08_P1_RESULT.md
  - performance/F-PE-TEMPORAL08_P2_RESULT.md
  - performance/F-PE-TEMPORAL08_P3_RESULT.md
  - performance/F-PE-TEMPORAL08_PREREGISTRATION.md
  - performance/F-PE-TEMPORAL09_CLOSEOUT.md
  - performance/F-PE-TEMPORAL09_PREREGISTRATION.md
  - performance/F-PE-TEMPORAL09_RESULT.md
  - performance/F-PE-TEMPORAL10_PREREGISTRATION.md
  - performance/F-PE-TEMPORAL10_RESULT.md
  - performance/F-PE-TEMPORAL11_CLOSEOUT.md
  - performance/F-PE-TEMPORAL11_RESULT.md
  - performance/F-PE-TIMEARCH01_ARCHITECTURE_AUDIT.md
  - performance/F-PE-TIMEARCH01_CLOSEOUT.md
  - performance/F-PE-TIMEARCH01_CURRENT_ARCHITECTURE.md
  - performance/F-PE-TIMEARCH01_PREREGISTRATION.md
  - performance/F-PE-TIMEARCH01_TARGET_ARCHITECTURE.md
  - performance/F-PE-TIMEARCH02_CLOSEOUT.md
  - performance/F-PE-TIMEARCH02_PREREGISTRATION.md
  - performance/F-PE-TIMEARCH02_RESULT.md
  - performance/F-PE-TIMEARCH03_PREREGISTRATION.md
  - performance/F-PE-TIMEARCH03_RESULT.md
  - performance/F-PE-TIMEARCH04A_PREREGISTRATION.md
  - performance/F-PE-TIMEARCH04A_RESULT.md
  - performance/F-PE-TIMEARCH04_CLOSEOUT.md
  - performance/F-PE-TIMEARCH04_HUPSEL_CONTEXT.md
  - performance/F-PE-TIMEARCH04_PREREGISTRATION.md
  - performance/F-PE-TIMEARCH04_RESULT.md
  - performance/F-PE-TIMEARCH05_CLOSEOUT.md
  - performance/F-PE-TIMEARCH05_PREREGISTRATION.md
  - performance/F-PE-TIMEARCH05_RESULT.md
  - performance/F-PE-TIMEARCH06_CLOSEOUT.md
  - performance/F-PE-TIMEARCH06_PREREGISTRATION.md
  - performance/F-PE-TIMEARCH06_RESULT.md
  - performance/F-PE-TIMEARCH07_CLOSEOUT.md
  - performance/F-PE-TIMEARCH07_PREREGISTRATION.md
  - performance/F-PE-TIMEARCH07_RESULT.md
  - performance/F-PE-TIMEARCH08_CLOSEOUT.md
  - performance/F-PE-TIMEARCH08_PREREGISTRATION.md
  - performance/F-PE-TIMEARCH08_RESULT.md
  - performance/F-PE-TIMEARCH09_PREREGISTRATION.md
  - performance/F-PE-TIMEARCH09_RESULT.md
  - performance/F-PE-TIMEARCH10_CLOSEOUT.md
  - performance/F-PE-TIMEARCH10_PREREGISTRATION.md
  - performance/F-PE-TIMEARCH10_RESULT.md
  - performance/F-PE-TIMEARCH11_CLOSEOUT.md
  - performance/F-PE-TIMEARCH11_PREREGISTRATION.md
  - performance/F-PE-TIMEARCH11_RESULT.md
  - performance/F-PE-TIMEARCH12_CLOSEOUT.md
  - performance/F-PE-TIMEARCH12_PREREGISTRATION.md
  - performance/F-PE-TIMEARCH12_RESULT.md
  - performance/F-PE-TIMEARCH13_CLOSEOUT.md
  - performance/F-PE-TIMEARCH13_PREREGISTRATION.md
  - performance/F-PE-TIMEARCH13_RESULT.md
  - performance/F-PE-TIMEARCH14_CLOSEOUT.md
  - performance/F-PE-TIMEARCH14_PREREGISTRATION.md
  - performance/F-PE-TIMEARCH14_RESULT.md
  - performance/F-PE-TIMEARCH15_CLOSEOUT.md
  - performance/F-PE-TIMEARCH15_PREREGISTRATION.md
  - performance/F-PE-TIMEARCH15_RESULT.md
  - performance/F-PE-TIMEARCH16_CLOSEOUT.md
  - performance/F-PE-TIMEARCH16_PREREGISTRATION.md
  - performance/F-PE-TIMEARCH16_RESULT.md
  - performance/F-PE-TIMEARCH17_CLOSEOUT.md
  - performance/F-PE-TIMEARCH17_PREREGISTRATION.md
  - performance/F-PE-TIMEARCH17_RESULT.md
  - performance/F-PE-TIMEINT01A_PREREGISTRATION.md
  - performance/F-PE-TIMEINT01A_RESULT.md
  - performance/F-PE-TIMEINT01_CLOSEOUT.md
  - performance/F-PE-TIMEINT01_CURRENT_DISCRETIZATION.md
  - performance/F-PE-TIMEINT01_OPTIONS.md
  - performance/F-PE-TIMEINT01_PREREGISTRATION.md
  - performance/F-PE-TIMEINT02A_PREREGISTRATION.md
  - performance/F-PE-TIMEINT02A_RESULT.md
  - performance/F-PE-TIMEINT02_CLOSEOUT.md
  - performance/F-PE-TIMEINT02_PREREGISTRATION.md
  - performance/F-PE-TIMEINT02_RESULT.md
  - performance/F-PE-TIMEINT03A_PREREGISTRATION.md
  - performance/F-PE-TIMEINT03A_RESULT.md
  - performance/F-PE-TIMEINT03B_PREREGISTRATION.md
  - performance/F-PE-TIMEINT03B_RESULT.md
  - performance/F-PE-TIMEINT03_CLOSEOUT.md
  - performance/F-PE-TIMEINT03_P0_RESULT.md
  - performance/F-PE-TIMEINT03_P1_PREREGISTRATION.md
  - performance/F-PE-TIMEINT03_P1_RESULT.md
  - performance/F-PE-TIMEINT03_PREREGISTRATION.md
  - performance/F-PE-TIMEINT04A_PREREGISTRATION.md
  - performance/F-PE-TIMEINT04A_RESULT.md
  - performance/F-PE-TIMEINT04B_PREREGISTRATION.md
  - performance/F-PE-TIMEINT04B_RESULT.md
  - performance/F-PE-TIMEINT04_CLOSEOUT.md
  - performance/F-PE-TIMEINT04_P0_RESULT.md
  - performance/F-PE-TIMEINT04_PREREGISTRATION.md
  - performance/F-PE-TIMEINT05_CLOSEOUT.md
  - performance/F-PE-TIMEINT05_PREREGISTRATION.md
  - performance/F-PE-TIMEINT05_RESULT.md
  - performance/F-PE-TIMEINT06A_PREREGISTRATION.md
  - performance/F-PE-TIMEINT06A_RESULT.md
  - performance/F-PE-TIMEINT06_CLOSEOUT.md
  - performance/F-PE-TIMEINT06_PREREGISTRATION.md
  - performance/F-PE-TIMEINT06_RESULT.md
  - performance/F-PE-TIMEINT07A_PREREGISTRATION.md
  - performance/F-PE-TIMEINT07A_RESULT.md
  - performance/F-PE-TIMEINT07_CLOSEOUT.md
  - performance/F-PE-TIMEINT07_PREREGISTRATION.md
  - performance/F-PE-TIMEINT07_RESULT.md
  - performance/F-PE-TIMEINT08A_PREREGISTRATION.md
  - performance/F-PE-TIMEINT08A_RESULT.md
  - performance/F-PE-TIMEINT08_CLOSEOUT.md
  - performance/F-PE-TIMEINT08_PREREGISTRATION.md
  - performance/F-PE-TIMEINT08_RESULT.md
  - performance/F-PE-TIMEINT09A_PREREGISTRATION.md
  - performance/F-PE-TIMEINT09A_RESULT.md
  - performance/F-PE-TIMEINT09_CLOSEOUT.md
  - performance/F-PE-TIMEINT09_PREREGISTRATION.md
  - performance/F-PE-TIMEINT09_RESULT.md
  - performance/F-PE-TIMEINT10A_PREREGISTRATION.md
  - performance/F-PE-TIMEINT10A_RESULT.md
  - performance/F-PE-TIMEINT10_CLOSEOUT.md
  - performance/F-PE-TIMEINT10_PREREGISTRATION.md
  - performance/F-PE-TIMEINT10_RESULT.md
  - performance/F-PE-TIMEINT11_CLOSEOUT.md
  - performance/F-PE-TIMEINT11_PREREGISTRATION.md
  - performance/F-PE-TIMEINT11_RESULT.md
  - performance/F-PE-TIMEINT12A_PREREGISTRATION.md
  - performance/F-PE-TIMEINT12A_RESULT.md
  - performance/F-PE-TIMEINT12_CLOSEOUT.md
  - performance/F-PE-TIMEINT12_PREREGISTRATION.md
  - performance/F-PE-TIMEINT12_RESULT.md
  - performance/F-PE-TIMEINT13_CLOSEOUT.md
  - performance/F-PE-TIMEINT13_PREREGISTRATION.md
  - performance/F-PE-TIMEINT13_RESULT.md
  - performance/F-PE-TIMEINT14A_PREREGISTRATION.md
  - performance/F-PE-TIMEINT14A_RESULT.md
  - performance/F-PE-TIMEINT14_CLOSEOUT.md
  - performance/F-PE-TIMEINT14_HANDOFF_2026-09-29.md
  - performance/F-PE-TIMEINT14_PREREGISTRATION.md
  - performance/F-PE-TIMEINT14_RESULT.md
  - performance/F-PE-TIMEINT15A_PREREGISTRATION.md
  - performance/F-PE-TIMEINT15A_RESULT.md
  - performance/F-PE-TIMEINT15_CLOSEOUT.md
  - performance/F-PE-TIMEINT15_LITERATURE.md
  - performance/F-PE-TIMEINT15_P0_RESULT.md
  - performance/F-PE-TIMEINT15_PREREGISTRATION.md
  - performance/F-PE-TIMEINT16B_PREREGISTRATION.md
  - performance/F-PE-TIMEINT16C_PREREGISTRATION.md
  - performance/F-PE-TIMEINT16_CLOSEOUT.md
  - performance/F-PE-TIMEINT16_PREREGISTRATION.md
  - performance/F-PE-TIMEINT16_RESULT.md
  - performance/F-PE-TIMEINT17A2_PREREGISTRATION.md
  - performance/F-PE-TIMEINT17A2_RESULT.md
  - performance/F-PE-TIMEINT17A_PREREGISTRATION.md
  - performance/F-PE-TIMEINT17A_RESULT.md
  - performance/F-PE-TIMEINT17B_PREREGISTRATION.md
  - performance/F-PE-TIMEINT17B_RESULT.md
  - performance/F-PE-TIMEINT17C_PREREGISTRATION.md
  - performance/F-PE-TIMEINT17C_RESULT.md
  - performance/F-PE-TIMEINT17D_PREREGISTRATION.md
  - performance/F-PE-TIMEINT17D_RESULT.md
  - performance/F-PE-TIMEINT17E_PREREGISTRATION.md
  - performance/F-PE-TIMEINT17E_RESULT.md
  - performance/F-PE-TIMEINT17F_PREREGISTRATION.md
  - performance/F-PE-TIMEINT17F_RESULT.md
  - performance/F-PE-TIMEINT17G_PREREGISTRATION.md
  - performance/F-PE-TIMEINT17G_RESULT.md
  - performance/F-PE-TIMEINT17H_PREREGISTRATION.md
  - performance/F-PE-TIMEINT17H_RESULT.md
  - performance/F-PE-TIMEINT17I_RESULT.md
  - performance/F-PE-TIMEINT17_CLOSEOUT.md
  - performance/F-PE-TIMEINT17_HANDOFF_2026-09-29.md
  - performance/F-PE-TIMEINT17_PREREGISTRATION.md
  - performance/F-PE-TIMEINT17_REQUALIFICATION_CLOSEOUT.md
  - performance/F-PE-TIMEINT17_REQUALIFICATION_PREREGISTRATION.md
  - performance/F-PE-TIMEINT17_REQUALIFICATION_RESULT.md
  - performance/F-PE13_SWAP011_E7_PROVENANCE_RECOVERY.md
  - performance/F-PE19_B1_11_ADMISSION_CHECKLIST.md
  - performance/F-PE19_B1_11_ADMISSION_CLOSE.md
  - performance/F-PE19_B1_11_CANONICAL_REPLAY.md
  - performance/F-PE19_B1_11_CI_RECONCILIATION.md
  - performance/F-PE19_B1_11_IDENTITY_FREEZE.md
  - performance/F-PE19_B1_11_METADATA_CORRECTION.md
  - performance/F-PE19_SWAP011_ADMISSION_BLOCKER.md
  - performance/F-PE19_SWAP011_B1_ADMISSION.md
  - performance/F-PE19_SWAP011_B1_QUALIFICATION.md
  - performance/SWAP5_MULTISWAP_PERFORMANCE_OBJECTIVE.md
  - performance/SWAP5_PERFORMANCE_GOAL_2026-09-30.md
  - publication/HYDRO_MEMORY_ACC02_F1_RESULT.md
  - publication/HYDRO_MEMORY_ACC02_F2_RESULT.md
  - publication/HYDRO_MEMORY_DYN01_RESULT.md
  - publication/HYDRO_MEMORY_DYN02_VIEW01_PREREGISTRATION.md
  - publication/HYDRO_MEMORY_DYN02_VIEW01_RESULT.md
  - publication/HYDRO_MEMORY_STAGE0_ACCURACY_GOVERNANCE_V1.md
  - publication/HYDRO_MEMORY_STAGE0_INTERFACE_ACCURACY_GOVERNANCE_V1.md
  - publication/P1_EVIDENCE_REGISTER.md
  - publication/P1_PUBLICATION_QUALIFICATION_SET.md
  - publication/P2_ADMISSIBILITY_ENVELOPE_DESIGN.md
  - publication/P2_E0_BASELINE.md
  - publication/P2_E0_EXPERIMENT_DESIGN.md
  - publication/PUB_GC_E3D2_PREDICTOR_FAILURE_PREREGISTRATION.md
  - publication/PUB_GC_E3D2_PREDICTOR_FAILURE_RESULT.md
  - publication/PUB_GC_E3D_PREDICTOR_ENVELOPE_PREREGISTRATION.md
  - publication/PUB_GC_E3D_PREDICTOR_ENVELOPE_RESULT.md
  - publication/PUB_GC_E3R_STRONGER_FEEDBACK_PREREGISTRATION.md
  - publication/PUB_GC_E3R_STRONGER_FEEDBACK_RESULT.md
  - publication/PUB_GC_E3_INITIAL_RESULT.md
  - publication/PUB_GC_E3_PREREGISTRATION.md
  - publication/PUB_GC_E3_RESULT.md
  - publication/PUB_GC_E4_RESPONSE_IDENTITY_PREREGISTRATION.md
  - publication/PUB_GC_E5_INFORMATION_VALUE_PREREGISTRATION.md
  - publication/PUB_GC_E5_LINEAR_CONTROL.md
  - publication/PUB_GC_E6A_STATE_SCREEN_PREREGISTRATION.md
  - publication/PUB_GC_E6A_STATE_SCREEN_RESULT.md
  - publication/PUB_GC_E6_ACTIVE_DRAINAGE_PREREGISTRATION.md
  - publication/PUB_GC_E6_ACTIVE_DRAINAGE_RESULT.md
  - publication/PUB_GC_E6_RESULT.md
  - publication/PUB_GC_E7_CASE_SELECTION.md
  - publication/PUB_GC_E7_CURRENT_CANONICAL_RECONCILIATION_20260919.md
  - publication/PUB_GC_E7_HUPSEL_EXECUTION_PREREGISTRATION.md
  - publication/PUB_GC_E7_REALISTIC_COMPONENT_DOMAIN_RESULT.md
  - publication/PUB_GC_E7_STANDALONE_SELECTION_RESULT.md
  - publication/PUB_GC_FIGURE_TABLE_PLAN.md
  - publication/PUB_GC_GMD_ARCHIVAL_GATE.md
  - publication/PUB_GC_GMD_ARCHIVE_CONTENTS_INVENTORY.md
  - publication/PUB_GC_GMD_CODE_DATA_AVAILABILITY_TEMPLATE.md
  - publication/PUB_GC_GMD_COVER_LETTER_DRAFT.md
  - publication/PUB_GC_GMD_FIGURE_EXPORT_PLAN.md
  - publication/PUB_GC_GMD_FIGURE_EXPORT_QUALIFICATION.md
  - publication/PUB_GC_GMD_FINAL_AUTHORITY_HANDOFF.md
  - publication/PUB_GC_GMD_FORMATTING_HANDOFF.md
  - publication/PUB_GC_GMD_GOVERNANCE_DECISION_REQUEST.md
  - publication/PUB_GC_GMD_LICENSE_EXTERNAL_EVIDENCE.md
  - publication/PUB_GC_GMD_MANUSCRIPT_PREPARATION_AUDIT.md
  - publication/PUB_GC_GMD_PRE_SUBMISSION_CHECKLIST.md
  - publication/PUB_GC_GMD_RELEASE_LICENSE_AUTHORITY_AUDIT.md
  - publication/PUB_GC_GMD_SUBMISSION_METADATA_DRAFT.md
  - publication/PUB_GC_JOURNAL_POSITIONING.md
  - publication/PUB_GC_MANUSCRIPT_CLAIM_SENTENCE_AUDIT.md
  - publication/PUB_GC_MANUSCRIPT_CONSOLIDATION_STATUS.md
  - publication/PUB_GC_MANUSCRIPT_FIGURE_TABLE_PLAN.md
  - publication/PUB_GC_MANUSCRIPT_TABLES.md
  - publication/PUB_GC_NOTATION_AND_UNITS.md
  - publication/PUB_GC_REFERENCE_AUDIT.md
  - publication/PUB_GC_RELEASE_LICENSE_DECISION_TEMPLATE.md
  - publication/PUB_GC_SUBMISSION_PROSE_AUDIT.md
  - publication/PUB_GC_SUBMISSION_READINESS.md
  - publication/PUB_GC_SUPPLEMENTARY_METHODS_AND_EVIDENCE.md
  - publications/PUB-ME_D1A_RESULT.md
  - publications/PUB-ME_D1_EXECUTION_CHECKPOINT.md
  - publications/PUB-ME_D2_EXECUTION_CHECKPOINT.md
  - publications/PUB-ME_D3_EXECUTION_CHECKPOINT.md
  - publications/PUB-ME_D3_RESULT.md
  - publications/PUB-ME_D4_EXECUTION_CHECKPOINT.md
  - publications/PUB-ME_D4_RESULT.md
  - publications/PUB-ME_D5_EXECUTION_CHECKPOINT.md
  - publications/PUB-ME_D5_RESULT.md
  - publications/PUB-ME_D6_CANONICAL_RECONCILIATION.md
  - publications/PUB-ME_D6_EXECUTION_CHECKPOINT.md
  - publications/PUB-ME_D6_RESULT.md
  - science/F-ROM0_ACCEPTED_FULL_ORDER_AUTHORITY.md
  - science/F-ROM0_FINAL_AUTHORITY_ADJUDICATION.md
  - science/F-ROM0_FINAL_GATE_RECONCILIATION_AFTER_T1Q1.md
  - science/F-ROM1A_I0_REFERENCE_OBSERVATION_SEAM.md
  - science/F-ROM1_FINAL_STATE_SUFFICIENCY_RECONCILIATION.md
  - science/F-ROMP_PROPOSITION_QUALIFICATION.md
  - science/F-ROMV2_D10_HE_TWO_LAYER_ADJUDICATION.md
  - science/F-ROMV2_D11_STATE_OF_ART_RECONCILIATION.md
  - science/F-ROMV2_D12_FMC_SMVE_PREFLIGHT_ADJUDICATION.md
  - science/F-ROMV2_D13_FMC_GROUNDWATER_ADJUDICATION.md
  - science/F-ROMV2_D14_FMC_SURFACE_KINEMATICS_ADJUDICATION.md
  - science/F-ROMV2_D15_FMC_SURFACE_ACCOUNTING_ADJUDICATION.md
  - science/F-ROMV2_D16_FMC_SURFACE_REDISTRIBUTION_ADJUDICATION.md
  - science/F-ROMV2_D17_COMBINED_FMC_ADJUDICATION.md
  - science/F-ROMV2_D18_MERGE_EVENT_PREFLIGHT_ADJUDICATION.md
  - science/F-ROMV2_D19_EXACT_CONTACT_MERGE_ADJUDICATION.md
  - science/F-ROMV2_D20_ONE_HOUR_PERSISTENCE_ADJUDICATION.md
  - science/F-ROMV2_D21_RAIN_PONDING_RUNOFF_ADJUDICATION.md
  - science/F-ROMV2_D22_NATIVE_THRESHOLD_RESPONSE_ADJUDICATION.md
  - science/F-ROMV2_D23_SHORT_RAINFALL_TRAJECTORY_ADJUDICATION.md
  - science/F-ROMV2_D24_NATIVE_RAIN_GROUNDWATER_ADJUDICATION.md
  - science/F-ROMV2_D25_COMPUTATIONAL_VALUE_SCREEN_ADJUDICATION.md
  - science/F-ROMV2_D26_ROOT_UPTAKE_AUTHORITY.md
  - science/F-ROMV2_D27_UNSTRESSED_UPTAKE_ACCOUNTING.md
  - science/F-ROMV2_D28_NATIVE_ET_SOURCE_BLOCKER.md
  - science/F-ROMV2_D29_ONE_DAY_SEPARATED_PREFLIGHT_ADJUDICATION.md
  - science/F-ROMV2_D2_COARSE_RICHARDS_ADJUDICATION.md
  - science/F-ROMV2_D30_SURFACE_GW_CONTACT_AUTHORITY.md
  - science/F-ROMV2_D31_M2WC70_RETRIEVAL_RECONCILIATION.md
  - science/F-ROMV2_D3_REPRESENTATION_POLICY_ADJUDICATION.md
  - science/F-ROMV2_D4_INTEGRATED_MASS_COARSE_RICHARDS_ADJUDICATION.md
  - science/F-ROMV2_D5_TWO_LAYER_PHYSICAL_REDUCTION_ADJUDICATION.md
  - science/F-ROMV2_D6_MANIFOLD_PREFLIGHT_ADJUDICATION.md
  - science/F-ROMV2_D7_QS1_ADJUDICATION.md
  - science/F-ROMV2_D8_QS2_COMPOSITE_ADJUDICATION.md
  - science/F-ROMV2_D9_HE_TWO_LAYER_LITERATURE_RECONCILIATION.md
  - science/F-ROMV2_PURPOSE_DEPENDENT_FIDELITY_PROPOSITION.md
  - science/F-ROMV2_V1_BLIND_HYDRAULIC_ADJUDICATION.md
  - science/F-ROMV_COMPUTATIONAL_VALUE_GONOGO.md
  - science/F-ROMV_MDE_STAGE1_RESULT.md
  - science/F-ROMV_TERMINAL_RECONCILIATION.md
  - science/F-ROM_CODE_FRONTIER_RECONCILIATION.md
  - science/F-ROM_RESEARCH_PROPOSITION.md
  - testbank/F-TB11_CURRENT_CANONICAL_PERMANENT_PRESERVATION.md
  - verification/F-PE-BOFEK00_ADAPTIVE_PREREGISTRATION.md
  - verification/F-PE-BOFEK00_CLOSEOUT.md
  - verification/F-PE-BOFEK00_PREREGISTRATION.md
  - verification/F-PE-BOFEK00_QUALIFICATION.md
  - verification/legacy-differences.md
  - verification/evidence/F-TB13_NEXT_ACTION.md
  - verification/evidence/F-TB13_PRESERVED_ASSET_CARRIER.md
  - verification/evidence/F-TB13_README_POINTER.md
  - verification/evidence/F-TB13_SCOPE_GUARD.md
  - verification/evidence/F-TB13_TEST_MATRIX.md
INFO    -  Doc file 'architecture/m3-gate-evidence.md' contains a link 'migration-slices.md#m3---transactional-interval-execution', but the doc 'architecture/migration-slices.md' does not contain an anchor '#m3---transactional-interval-execution'.
INFO    -  Documentation built in 9.13 seconds
